<p class="xh_fail">The feed &quot;irrelevant_url&quot; can't be read!</p>
