<!-- feedview -->
<div class="feedview_header">
  <h4 class="feedview_feed_title">
    <a href="http://example.com/feed" target="_blank">
      <span>The best Newsfeed!</span>
    </a>
  </h4>
  <div class="feedview_feed_description">The most recent news are available only here.</div>
</div>
<div class="feedview_item">
  <h5 class="feedview_item_title">
    <a href="http://example.com/feed/more-breaking-news" target="_blank">
      <span>More Breaking News</span>
    </a>
  </h5>
  <div class="feedview_item_description">Something even more awesome happened just now!</div>
  <p class="feedview_item_posted">Posted on March 2nd, 2023, 10:52 pm</p>
</div>
<div class="feedview_item">
  <h5 class="feedview_item_title">
    <a href="http://example.com/feed/breaking-news" target="_blank">
      <span>Breaking News</span>
    </a>
  </h5>
  <div class="feedview_item_description">Something awesome happened just now!</div>
  <p class="feedview_item_posted">Posted on March 2nd, 2023, 12:43 pm</p>
</div>
<div class="feedview_nav">
</div>
<!-- feedview -->
<div class="feedview_header">
  <h4 class="feedview_feed_title">
    <a href="http://example.com/feed" target="_blank">
      <span>The best Newsfeed!</span>
    </a>
  </h4>
  <div class="feedview_feed_description">The most recent news are available only here.</div>
</div>
<div class="feedview_item">
  <h5 class="feedview_item_title">
    <a href="http://example.com/feed/breaking-news" target="_blank">
      <span>Breaking News</span>
    </a>
  </h5>
  <div class="feedview_item_description">Something awesome happened just now!</div>
  <p class="feedview_item_posted">Posted on March 2nd, 2023, 12:43 pm</p>
</div>
<div class="feedview_nav">
  <a class="feedview_prev" href="http://example.com/">newer items</a>
</div>
