<!-- Feedview_XH: default feed view -->
<div class="feedview_header">
  <h4 class="feedview_feed_title">
    <a href="http://example.com/feed" target="_blank">
      The best Newsfeed!    </a>
  </h4>
  <div class="feedview_feed_description">The most recent news are available only here.</div>
</div>
