<p class="xh_fail">The given arguments to feedview() are unsupported!</p>
