<p class="xh_fail">The Feedview_XH template &quot;./views/does_not_exist.php&quot; does not exist!</p>