<!-- feedview -->
<div class="feedview_header">
  <h4 class="feedview_feed_title">
    <a href="http://example.com/feed" target="_blank">The best Newsfeed!</a>
  </h4>
  <div class="feedview_feed_description">The most recent news are available only here.</div>
</div>
<div class="feedview_item">
  <h5 class="feedview_item_title">
    <a href="http://example.com/feed/breaking-news" target="_blank">Breaking News</a>
  </h5>
  <div class="feedview_item_description">Something awesome happened just now!</div>
  <p class="feedview_item_posted">Posted on March 2nd, 2023, 12:43 pm</p>
</div>
