<!-- feedview info -->
<h1>Feedview 1.3-dev</h1>
<div>
  <h2>System check</h2>
  <p class="xh_fail">PHP version is at least 7.2.0: failure</li>
  <p class="xh_fail">PHP extension 'libxml' is loaded: failure</li>
  <p class="xh_fail">CMSimple_XH version is at least 1.7.0: failure</li>
  <p class="xh_warning">'./plugins/feedview/config/' is writable: warning</li>
  <p class="xh_warning">'./plugins/feedview/css/' is writable: warning</li>
  <p class="xh_warning">'./plugins/feedview/languages/' is writable: warning</li>
</div>
